// Jest Snapshot v1, https://goo.gl/fbAQLP

exports[`AuthScreen renders correctly 1`] = `
<authscreen__Wrapper>
  <authscreen__Heading>
    Auth Screen
  </authscreen__Heading>
  <Button
    onPress={[Function]}
    testID="loginBtn"
    title="Login"
  />
</authscreen__Wrapper>
`;
